# A control surface, mapped. `karakuri-cli --midi-in <port> --midi-map this`
#
# **This is an example, not a device.** No controller sends these numbers by
# coincidence; the way to find yours is to run with `--midi-in` and no map, turn
# every knob once, and paste the lines it prints. Each one arrives already in
# the shape below with `-> ...` where the control goes.
#
# The layout here is the one a four-fader surface falls into: a channel strip
# per deck slot, a row of pads under it, and the output controls off to one
# side. Four slots because that is what the deck holds.

# -- the mix ----------------------------------------------------------------
#
# `gain` is the level the material arrives at; `opacity` is the fader across
# the blend. Under `add` they are the same dial twice, and under `over` one
# dims a layer while the other stops it hiding what is beneath. Both default to
# [0, 1], so the top of a fader is unity — push past it with `]` or say so:
# `-> gain 0 [0, 2]`.

cc 1 -> gain 0
cc 2 -> gain 1
cc 3 -> gain 2
cc 4 -> gain 3

cc 5 -> opacity 0
cc 6 -> opacity 1
cc 7 -> opacity 2
cc 8 -> opacity 3

# -- the pads ---------------------------------------------------------------
#
# **Every pad names a state, and that is why there are thirty of them.** A line
# says `residency 0 live`, not *flip slot 0*: a pad that could only step has no
# way to arrive, and a surface stepping the same control as a key ends up
# disagreeing with it about where the control is. So four slots by three
# residencies is twelve pads where two toggles were eight, and four slots by
# three blend modes is twelve where one cycle was four.
#
# **That bill is real and this file is over it.** Thirty pads is not the row of
# pads under a four-fader surface described above; no such device has them.
# Take the ones your hands need — the file is yours, and a slot you never park
# needs no `allocated` pad — or put the rest on a second page of the
# controller's own banks. What is not on offer is a pad that means *next*.
#
# `live` is stepped and composited; `priming` is stepped out of sight, warming,
# so a parked candidate has something to show when you audition it; `allocated`
# is held — compiled, buffers kept, its `t` where it stopped, so a slot taken
# off and brought back resumes rather than restarts.

note 32 -> residency 0 live
note 33 -> residency 1 live
note 34 -> residency 2 live
note 35 -> residency 3 live

note 36 -> residency 0 priming
note 37 -> residency 1 priming
note 38 -> residency 2 priming
note 39 -> residency 3 priming

note 40 -> residency 0 allocated
note 41 -> residency 1 allocated
note 42 -> residency 2 allocated
note 43 -> residency 3 allocated

note 44 -> blend 0 add
note 45 -> blend 1 add
note 46 -> blend 2 add
note 47 -> blend 3 add

note 48 -> blend 0 over
note 49 -> blend 1 over
note 50 -> blend 2 over
note 51 -> blend 3 over

note 52 -> blend 0 max
note 53 -> blend 1 max
note 54 -> blend 2 max
note 55 -> blend 3 max

# -- auditioning ------------------------------------------------------------
#
# One pad per slot rather than a cycle: a surface has the buttons, and reaching
# slot 3 through three presses is a keyboard's compromise. `preview mix` is the
# way back.

note 56 -> preview 0
note 57 -> preview 1
note 58 -> preview 2
note 59 -> preview 3
note 60 -> preview mix

# -- the room ---------------------------------------------------------------
#
# Exposure is a ratio control, so the middle of the fader is exactly 1.0 and
# each step is a fraction of a stop rather than a fixed amount. `tap` needs
# --audio-in: three or more taps set the tempo, and every tap sets the phase.

cc 20 -> exposure
note 61 -> tap
