# A control surface, mapped. `karakuri-cli --midi-in <port> --midi-map this`
#
# **This is an example, not a device.** No controller sends these numbers by
# coincidence; the way to find yours is to run with `--midi-in` and no map, turn
# every knob once, and paste the lines it prints. Each one arrives already in
# the shape below with `-> ...` where the control goes.
#
# The layout here is the one a four-fader surface falls into: a channel strip
# per deck slot, a row of pads under it, and the output controls off to one
# side. Four slots because that is what the deck holds.

# -- the mix ----------------------------------------------------------------
#
# `gain` is the level the material arrives at; `opacity` is the fader across
# the blend. Under `add` they are the same dial twice, and under `over` one
# dims a layer while the other stops it hiding what is beneath. Both default to
# [0, 1], so the top of a fader is unity — push past it with `]` or say so:
# `-> gain 0 [0, 2]`.

cc 1 -> gain 0
cc 2 -> gain 1
cc 3 -> gain 2
cc 4 -> gain 3

cc 5 -> opacity 0
cc 6 -> opacity 1
cc 7 -> opacity 2
cc 8 -> opacity 3

# `mask-position` is the front of a deck's mask — 0 hides the layer entirely, 1
# shows all of it — and it is the number a wipe's scheduled move is carrying.
# So a hand here stops the wipe: that is what the control is for, and the reason
# it is a fader rather than a pad is that a front is somewhere rather than on or
# off. The mask's *shape* has no line to write yet; a map can say a slot, a word
# out of a list or a range, and an angle is none of those.
#
# Twelve continuous controls for four slots is three per strip, which is a knob
# beside the two faders rather than a third fader — and the same bill the pads
# pay below, in the same currency: take the slots your hands need.

cc 9  -> mask-position 0
cc 10 -> mask-position 1
cc 11 -> mask-position 2
cc 12 -> mask-position 3

# -- the pads ---------------------------------------------------------------
#
# **Every pad names a state, and that is why there are thirty of them.** A line
# says `residency 0 live`, not *flip slot 0*: a pad that could only step has no
# way to arrive, and a surface stepping the same control as a key ends up
# disagreeing with it about where the control is. So four slots by three
# residencies is twelve pads where two toggles were eight, and four slots by
# three blend modes is twelve where one cycle was four.
#
# **That bill is real and this file is over it.** Thirty pads is not the row of
# pads under a four-fader surface described above; no such device has them.
# Take the ones your hands need — the file is yours, and a slot you never park
# needs no `allocated` pad — or put the rest on a second page of the
# controller's own banks. What is not on offer is a pad that means *next*.
#
# `live` is stepped and composited; `priming` is stepped out of sight, warming,
# so a parked candidate has something to show when you audition it; `allocated`
# is held — compiled, buffers kept, its `t` where it stopped, so a slot taken
# off and brought back resumes rather than restarts.

note 32 -> residency 0 live
note 33 -> residency 1 live
note 34 -> residency 2 live
note 35 -> residency 3 live

note 36 -> residency 0 priming
note 37 -> residency 1 priming
note 38 -> residency 2 priming
note 39 -> residency 3 priming

note 40 -> residency 0 allocated
note 41 -> residency 1 allocated
note 42 -> residency 2 allocated
note 43 -> residency 3 allocated

note 44 -> blend 0 add
note 45 -> blend 1 add
note 46 -> blend 2 add
note 47 -> blend 3 add

note 48 -> blend 0 over
note 49 -> blend 1 over
note 50 -> blend 2 over
note 51 -> blend 3 over

note 52 -> blend 0 max
note 53 -> blend 1 max
note 54 -> blend 2 max
note 55 -> blend 3 max

# -- auditioning ------------------------------------------------------------
#
# There is no line here, and there is nothing missing. This file mapped five
# pads to `preview 0`..`preview 3` and `preview mix`; ADR-0240 retired the
# operation behind them, so the output always shows the mix and every deck is
# auditioned continuously in its own preview cell. Notes 56-60 are free.

# -- the room ---------------------------------------------------------------
#
# Exposure is a ratio control, so the middle of the fader is exactly 1.0 and
# each step is a fraction of a stop rather than a fixed amount. `tap` needs
# --audio-in: three or more taps set the tempo, and every tap sets the phase.

cc 20 -> exposure
note 61 -> tap

# -- inside a Set -----------------------------------------------------------
#
# `param <deck> <position>` is a control of the Set on that deck, by its place
# in the published interface — the number the Inspector draws beside the row,
# counting from one. **A position and never a name**: knob 3 is knob 3 whatever
# Set is loaded, where a name would be a mapping you paid for again on every
# swap. The same Set in two decks is two addresses, because the deck is in the
# address.
#
# The range is the Set's own — what it published the control over — unless the
# line writes one, which wins as it does on a gain. A control the Set does not
# publish has no position and the line reports itself once and does nothing.
#
# These are the lines `learn` writes: arm it on the transport row, point at a
# control, move a knob. What it writes goes into `<store>/maps/default.map`
# rather than here — nothing in the program writes this file.

# cc 30 -> param 0 1
# cc 31 -> param 0 2 [0, 2]
